e: Daemon compilation failed: null
java.lang.Exception
	at org.jetbrains.kotlin.daemon.common.CompileService$CallResult$Error.get(CompileService.kt:69)
	at org.jetbrains.kotlin.daemon.common.CompileService$CallResult$Error.get(CompileService.kt:65)
	at org.jetbrains.kotlin.compilerRunner.GradleKotlinCompilerWork.compileWithDaemon(GradleKotlinCompilerWork.kt:240)
	at org.jetbrains.kotlin.compilerRunner.GradleKotlinCompilerWork.compileWithDaemonOrFallbackImpl(GradleKotlinCompilerWork.kt:159)
	at org.jetbrains.kotlin.compilerRunner.GradleKotlinCompilerWork.run(GradleKotlinCompilerWork.kt:111)
	at org.jetbrains.kotlin.compilerRunner.GradleCompilerRunnerWithWorkers$GradleKotlinCompilerWorkAction.execute(GradleCompilerRunnerWithWorkers.kt:74)
	at org.gradle.workers.internal.DefaultWorkerServer.execute(DefaultWorkerServer.java:63)
	at org.gradle.workers.internal.NoIsolationWorkerFactory$1$1.create(NoIsolationWorkerFactory.java:66)
	at org.gradle.workers.internal.NoIsolationWorkerFactory$1$1.create(NoIsolationWorkerFactory.java:62)
	at org.gradle.internal.classloader.ClassLoaderUtils.executeInClassloader(ClassLoaderUtils.java:100)
	at org.gradle.workers.internal.NoIsolationWorkerFactory$1.lambda$execute$0(NoIsolationWorkerFactory.java:62)
	at org.gradle.workers.internal.AbstractWorker$1.call(AbstractWorker.java:44)
	at org.gradle.workers.internal.AbstractWorker$1.call(AbstractWorker.java:41)
	at org.gradle.internal.operations.DefaultBuildOperationRunner$CallableBuildOperationWorker.execute(DefaultBuildOperationRunner.java:210)
	at org.gradle.internal.operations.DefaultBuildOperationRunner$CallableBuildOperationWorker.execute(DefaultBuildOperationRunner.java:205)
	at org.gradle.internal.operations.DefaultBuildOperationRunner$2.execute(DefaultBuildOperationRunner.java:67)
	at org.gradle.internal.operations.DefaultBuildOperationRunner$2.execute(DefaultBuildOperationRunner.java:60)
	at org.gradle.internal.operations.DefaultBuildOperationRunner.execute(DefaultBuildOperationRunner.java:167)
	at org.gradle.internal.operations.DefaultBuildOperationRunner.execute(DefaultBuildOperationRunner.java:60)
	at org.gradle.internal.operations.DefaultBuildOperationRunner.call(DefaultBuildOperationRunner.java:54)
	at org.gradle.workers.internal.AbstractWorker.executeWrappedInBuildOperation(AbstractWorker.java:41)
	at org.gradle.workers.internal.NoIsolationWorkerFactory$1.execute(NoIsolationWorkerFactory.java:59)
	at org.gradle.workers.internal.DefaultWorkerExecutor.lambda$submitWork$0(DefaultWorkerExecutor.java:174)
	at java.base/java.util.concurrent.FutureTask.run(Unknown Source)
	at org.gradle.internal.work.DefaultConditionalExecutionQueue$ExecutionRunner.runExecution(DefaultConditionalExecutionQueue.java:194)
	at org.gradle.internal.work.DefaultConditionalExecutionQueue$ExecutionRunner.access$700(DefaultConditionalExecutionQueue.java:127)
	at org.gradle.internal.work.DefaultConditionalExecutionQueue$ExecutionRunner$1.run(DefaultConditionalExecutionQueue.java:169)
	at org.gradle.internal.Factories$1.create(Factories.java:31)
	at org.gradle.internal.work.DefaultWorkerLeaseService.withLocks(DefaultWorkerLeaseService.java:263)
	at org.gradle.internal.work.DefaultWorkerLeaseService.runAsWorkerThread(DefaultWorkerLeaseService.java:127)
	at org.gradle.internal.work.DefaultWorkerLeaseService.runAsWorkerThread(DefaultWorkerLeaseService.java:132)
	at org.gradle.internal.work.DefaultConditionalExecutionQueue$ExecutionRunner.runBatch(DefaultConditionalExecutionQueue.java:164)
	at org.gradle.internal.work.DefaultConditionalExecutionQueue$ExecutionRunner.run(DefaultConditionalExecutionQueue.java:133)
	at java.base/java.util.concurrent.Executors$RunnableAdapter.call(Unknown Source)
	at java.base/java.util.concurrent.FutureTask.run(Unknown Source)
	at org.gradle.internal.concurrent.ExecutorPolicy$CatchAndRecordFailures.onExecute(ExecutorPolicy.java:64)
	at org.gradle.internal.concurrent.AbstractManagedExecutor$1.run(AbstractManagedExecutor.java:48)
	at java.base/java.util.concurrent.ThreadPoolExecutor.runWorker(Unknown Source)
	at java.base/java.util.concurrent.ThreadPoolExecutor$Worker.run(Unknown Source)
	at java.base/java.lang.Thread.run(Unknown Source)
Caused by: java.lang.AssertionError: java.lang.Exception: Could not close incremental caches in D:\Test\build\package_info_plus\kotlin\compileDebugKotlin\cacheable\caches-jvm\jvm\kotlin: class-fq-name-to-source.tab, source-to-classes.tab, internal-name-to-source.tab
	at org.jetbrains.kotlin.com.google.common.io.Closer.close(Closer.java:218)
	at org.jetbrains.kotlin.incremental.IncrementalCachesManager.close(IncrementalCachesManager.kt:55)
	at kotlin.io.CloseableKt.closeFinally(Closeable.kt:46)
	at org.jetbrains.kotlin.incremental.IncrementalCompilerRunner.compileNonIncrementally(IncrementalCompilerRunner.kt:293)
	at org.jetbrains.kotlin.incremental.IncrementalCompilerRunner.compile(IncrementalCompilerRunner.kt:128)
	at org.jetbrains.kotlin.daemon.CompileServiceImplBase.execIncrementalCompiler(CompileServiceImpl.kt:684)
	at org.jetbrains.kotlin.daemon.CompileServiceImplBase.access$execIncrementalCompiler(CompileServiceImpl.kt:94)
	at org.jetbrains.kotlin.daemon.CompileServiceImpl.compile(CompileServiceImpl.kt:1810)
	at java.base/jdk.internal.reflect.DirectMethodHandleAccessor.invoke(Unknown Source)
	at java.base/java.lang.reflect.Method.invoke(Unknown Source)
	at java.rmi/sun.rmi.server.UnicastServerRef.dispatch(Unknown Source)
	at java.rmi/sun.rmi.transport.Transport$1.run(Unknown Source)
	at java.rmi/sun.rmi.transport.Transport$1.run(Unknown Source)
	at java.base/java.security.AccessController.doPrivileged(Unknown Source)
	at java.rmi/sun.rmi.transport.Transport.serviceCall(Unknown Source)
	at java.rmi/sun.rmi.transport.tcp.TCPTransport.handleMessages(Unknown Source)
	at java.rmi/sun.rmi.transport.tcp.TCPTransport$ConnectionHandler.run0(Unknown Source)
	at java.rmi/sun.rmi.transport.tcp.TCPTransport$ConnectionHandler.lambda$run$0(Unknown Source)
	at java.base/java.security.AccessController.doPrivileged(Unknown Source)
	at java.rmi/sun.rmi.transport.tcp.TCPTransport$ConnectionHandler.run(Unknown Source)
	... 3 more
Caused by: java.lang.Exception: Could not close incremental caches in D:\Test\build\package_info_plus\kotlin\compileDebugKotlin\cacheable\caches-jvm\jvm\kotlin: class-fq-name-to-source.tab, source-to-classes.tab, internal-name-to-source.tab
	at org.jetbrains.kotlin.incremental.storage.BasicMapsOwner.forEachMapSafe(BasicMapsOwner.kt:95)
	at org.jetbrains.kotlin.incremental.storage.BasicMapsOwner.close(BasicMapsOwner.kt:53)
	at org.jetbrains.kotlin.com.google.common.io.Closer.close(Closer.java:205)
	... 22 more
	Suppressed: java.lang.IllegalArgumentException: this and base files have different roots: C:\Users\uni\AppData\Local\Pub\Cache\hosted\pub.dev\package_info_plus-9.0.0\android\src\main\kotlin\dev\fluttercommunity\plus\packageinfo\PackageInfoPlugin.kt and D:\Test\android.
		at kotlin.io.FilesKt__UtilsKt.toRelativeString(Utils.kt:117)
		at kotlin.io.FilesKt__UtilsKt.relativeTo(Utils.kt:128)
		at org.jetbrains.kotlin.incremental.storage.RelocatableFileToPathConverter.toPath(RelocatableFileToPathConverter.kt:24)
		at org.jetbrains.kotlin.incremental.storage.FileDescriptor.save(FileToPathConverter.kt:33)
		at org.jetbrains.kotlin.incremental.storage.FileDescriptor.save(FileToPathConverter.kt:30)
		at org.jetbrains.kotlin.com.intellij.util.io.PersistentMapImpl.doPut(PersistentMapImpl.java:447)
		at org.jetbrains.kotlin.com.intellij.util.io.PersistentMapImpl.put(PersistentMapImpl.java:426)
		at org.jetbrains.kotlin.com.intellij.util.io.PersistentHashMap.put(PersistentHashMap.java:106)
		at org.jetbrains.kotlin.incremental.storage.LazyStorage.set(LazyStorage.kt:80)
		at org.jetbrains.kotlin.incremental.storage.InMemoryStorage.applyChanges(InMemoryStorage.kt:108)
		at org.jetbrains.kotlin.incremental.storage.InMemoryStorage.close(InMemoryStorage.kt:136)
		at org.jetbrains.kotlin.incremental.storage.PersistentStorageWrapper.close(PersistentStorage.kt:124)
		at org.jetbrains.kotlin.incremental.storage.BasicMapsOwner$close$1.invoke(BasicMapsOwner.kt:53)
		at org.jetbrains.kotlin.incremental.storage.BasicMapsOwner$close$1.invoke(BasicMapsOwner.kt:53)
		at org.jetbrains.kotlin.incremental.storage.BasicMapsOwner.forEachMapSafe(BasicMapsOwner.kt:87)
		... 24 more
	Suppressed: java.lang.IllegalArgumentException: this and base files have different roots: C:\Users\uni\AppData\Local\Pub\Cache\hosted\pub.dev\package_info_plus-9.0.0\android\src\main\kotlin\dev\fluttercommunity\plus\packageinfo\PackageInfoPlugin.kt and D:\Test\android.
		at kotlin.io.FilesKt__UtilsKt.toRelativeString(Utils.kt:117)
		at kotlin.io.FilesKt__UtilsKt.relativeTo(Utils.kt:128)
		at org.jetbrains.kotlin.incremental.storage.RelocatableFileToPathConverter.toPath(RelocatableFileToPathConverter.kt:24)
		at org.jetbrains.kotlin.incremental.storage.FileDescriptor.getHashCode(FileToPathConverter.kt:50)
		at org.jetbrains.kotlin.incremental.storage.FileDescriptor.getHashCode(FileToPathConverter.kt:30)
		at org.jetbrains.kotlin.com.intellij.util.containers.LinkedCustomHashMap.hashKey(LinkedCustomHashMap.java:109)
		at org.jetbrains.kotlin.com.intellij.util.containers.LinkedCustomHashMap.remove(LinkedCustomHashMap.java:153)
		at org.jetbrains.kotlin.com.intellij.util.containers.SLRUMap.remove(SLRUMap.java:89)
		at org.jetbrains.kotlin.com.intellij.util.io.PersistentMapImpl.flushAppendCache(PersistentMapImpl.java:1007)
		at org.jetbrains.kotlin.com.intellij.util.io.PersistentMapImpl.doPut(PersistentMapImpl.java:455)
		at org.jetbrains.kotlin.com.intellij.util.io.PersistentMapImpl.put(PersistentMapImpl.java:426)
		at org.jetbrains.kotlin.com.intellij.util.io.PersistentHashMap.put(PersistentHashMap.java:106)
		at org.jetbrains.kotlin.incremental.storage.LazyStorage.set(LazyStorage.kt:80)
		at org.jetbrains.kotlin.incremental.storage.InMemoryStorage.applyChanges(InMemoryStorage.kt:108)
		at org.jetbrains.kotlin.incremental.storage.AppendableInMemoryStorage.applyChanges(InMemoryStorage.kt:179)
		at org.jetbrains.kotlin.incremental.storage.InMemoryStorage.close(InMemoryStorage.kt:136)
		at org.jetbrains.kotlin.incremental.storage.AppendableSetBasicMap.close(BasicMap.kt:157)
		at org.jetbrains.kotlin.incremental.storage.BasicMapsOwner$close$1.invoke(BasicMapsOwner.kt:53)
		at org.jetbrains.kotlin.incremental.storage.BasicMapsOwner$close$1.invoke(BasicMapsOwner.kt:53)
		at org.jetbrains.kotlin.incremental.storage.BasicMapsOwner.forEachMapSafe(BasicMapsOwner.kt:87)
		... 24 more
	Suppressed: java.lang.IllegalArgumentException: this and base files have different roots: C:\Users\uni\AppData\Local\Pub\Cache\hosted\pub.dev\package_info_plus-9.0.0\android\src\main\kotlin\dev\fluttercommunity\plus\packageinfo\PackageInfoPlugin.kt and D:\Test\android.
		at kotlin.io.FilesKt__UtilsKt.toRelativeString(Utils.kt:117)
		at kotlin.io.FilesKt__UtilsKt.relativeTo(Utils.kt:128)
		at org.jetbrains.kotlin.incremental.storage.RelocatableFileToPathConverter.toPath(RelocatableFileToPathConverter.kt:24)
		at org.jetbrains.kotlin.incremental.storage.FileDescriptor.save(FileToPathConverter.kt:33)
		at org.jetbrains.kotlin.incremental.storage.FileDescriptor.save(FileToPathConverter.kt:30)
		at org.jetbrains.kotlin.incremental.storage.AppendableCollectionExternalizer.save(LazyStorage.kt:151)
		at org.jetbrains.kotlin.incremental.storage.AppendableCollectionExternalizer.save(LazyStorage.kt:142)
		at org.jetbrains.kotlin.com.intellij.util.io.PersistentMapImpl.doPut(PersistentMapImpl.java:447)
		at org.jetbrains.kotlin.com.intellij.util.io.PersistentMapImpl.put(PersistentMapImpl.java:426)
		at org.jetbrains.kotlin.com.intellij.util.io.PersistentHashMap.put(PersistentHashMap.java:106)
		at org.jetbrains.kotlin.incremental.storage.LazyStorage.set(LazyStorage.kt:80)
		at org.jetbrains.kotlin.incremental.storage.InMemoryStorage.applyChanges(InMemoryStorage.kt:108)
		at org.jetbrains.kotlin.incremental.storage.AppendableInMemoryStorage.applyChanges(InMemoryStorage.kt:179)
		at org.jetbrains.kotlin.incremental.storage.InMemoryStorage.close(InMemoryStorage.kt:136)
		at org.jetbrains.kotlin.incremental.storage.PersistentStorageWrapper.close(PersistentStorage.kt:124)
		at org.jetbrains.kotlin.incremental.storage.BasicMapsOwner$close$1.invoke(BasicMapsOwner.kt:53)
		at org.jetbrains.kotlin.incremental.storage.BasicMapsOwner$close$1.invoke(BasicMapsOwner.kt:53)
		at org.jetbrains.kotlin.incremental.storage.BasicMapsOwner.forEachMapSafe(BasicMapsOwner.kt:87)
		... 24 more
	Suppressed: java.lang.Exception: Could not close incremental caches in D:\Test\build\package_info_plus\kotlin\compileDebugKotlin\cacheable\caches-jvm\lookups: id-to-file.tab, file-to-id.tab
		at org.jetbrains.kotlin.incremental.storage.BasicMapsOwner.forEachMapSafe(BasicMapsOwner.kt:95)
		at org.jetbrains.kotlin.incremental.storage.BasicMapsOwner.close(BasicMapsOwner.kt:53)
		at org.jetbrains.kotlin.incremental.LookupStorage.close(LookupStorage.kt:155)
		... 23 more
		Suppressed: java.lang.IllegalArgumentException: this and base files have different roots: C:\Users\uni\AppData\Local\Pub\Cache\hosted\pub.dev\package_info_plus-9.0.0\android\src\main\kotlin\dev\fluttercommunity\plus\packageinfo\PackageInfoPlugin.kt and D:\Test\android.
			at kotlin.io.FilesKt__UtilsKt.toRelativeString(Utils.kt:117)
			at kotlin.io.FilesKt__UtilsKt.relativeTo(Utils.kt:128)
			at org.jetbrains.kotlin.incremental.storage.RelocatableFileToPathConverter.toPath(RelocatableFileToPathConverter.kt:24)
			at org.jetbrains.kotlin.incremental.storage.LegacyFileExternalizer.save(IdToFileMap.kt:51)
			at org.jetbrains.kotlin.incremental.storage.LegacyFileExternalizer.save(IdToFileMap.kt:48)
			at org.jetbrains.kotlin.com.intellij.util.io.PersistentMapImpl.doPut(PersistentMapImpl.java:447)
			at org.jetbrains.kotlin.com.intellij.util.io.PersistentMapImpl.put(PersistentMapImpl.java:426)
			at org.jetbrains.kotlin.com.intellij.util.io.PersistentHashMap.put(PersistentHashMap.java:106)
			at org.jetbrains.kotlin.incremental.storage.LazyStorage.set(LazyStorage.kt:80)
			at org.jetbrains.kotlin.incremental.storage.InMemoryStorage.applyChanges(InMemoryStorage.kt:108)
			at org.jetbrains.kotlin.incremental.storage.InMemoryStorage.close(InMemoryStorage.kt:136)
			at org.jetbrains.kotlin.incremental.storage.PersistentStorageWrapper.close(PersistentStorage.kt:124)
			at org.jetbrains.kotlin.incremental.storage.BasicMapsOwner$close$1.invoke(BasicMapsOwner.kt:53)
			at org.jetbrains.kotlin.incremental.storage.BasicMapsOwner$close$1.invoke(BasicMapsOwner.kt:53)
			at org.jetbrains.kotlin.incremental.storage.BasicMapsOwner.forEachMapSafe(BasicMapsOwner.kt:87)
			... 25 more
		Suppressed: java.lang.IllegalArgumentException: this and base files have different roots: C:\Users\uni\AppData\Local\Pub\Cache\hosted\pub.dev\package_info_plus-9.0.0\android\src\main\kotlin\dev\fluttercommunity\plus\packageinfo\PackageInfoPlugin.kt and D:\Test\android.
			at kotlin.io.FilesKt__UtilsKt.toRelativeString(Utils.kt:117)
			at kotlin.io.FilesKt__UtilsKt.relativeTo(Utils.kt:128)
			at org.jetbrains.kotlin.incremental.storage.RelocatableFileToPathConverter.toPath(RelocatableFileToPathConverter.kt:24)
			at org.jetbrains.kotlin.incremental.storage.FileDescriptor.getHashCode(FileToPathConverter.kt:50)
			at org.jetbrains.kotlin.incremental.storage.FileDescriptor.getHashCode(FileToPathConverter.kt:30)
			at org.jetbrains.kotlin.com.intellij.util.containers.LinkedCustomHashMap.hashKey(LinkedCustomHashMap.java:109)
			at org.jetbrains.kotlin.com.intellij.util.containers.LinkedCustomHashMap.remove(LinkedCustomHashMap.java:153)
			at org.jetbrains.kotlin.com.intellij.util.containers.SLRUMap.remove(SLRUMap.java:89)
			at org.jetbrains.kotlin.com.intellij.util.io.PersistentMapImpl.flushAppendCache(PersistentMapImpl.java:1007)
			at org.jetbrains.kotlin.com.intellij.util.io.PersistentMapImpl.doPut(PersistentMapImpl.java:455)
			at org.jetbrains.kotlin.com.intellij.util.io.PersistentMapImpl.put(PersistentMapImpl.java:426)
			at org.jetbrains.kotlin.com.intellij.util.io.PersistentHashMap.put(PersistentHashMap.java:106)
			at org.jetbrains.kotlin.incremental.storage.LazyStorage.set(LazyStorage.kt:80)
			at org.jetbrains.kotlin.incremental.storage.InMemoryStorage.applyChanges(InMemoryStorage.kt:108)
			at org.jetbrains.kotlin.incremental.storage.InMemoryStorage.close(InMemoryStorage.kt:136)
			at org.jetbrains.kotlin.incremental.storage.PersistentStorageWrapper.close(PersistentStorage.kt:124)
			at org.jetbrains.kotlin.incremental.storage.BasicMapsOwner$close$1.invoke(BasicMapsOwner.kt:53)
			at org.jetbrains.kotlin.incremental.storage.BasicMapsOwner$close$1.invoke(BasicMapsOwner.kt:53)
			at org.jetbrains.kotlin.incremental.storage.BasicMapsOwner.forEachMapSafe(BasicMapsOwner.kt:87)
			... 25 more
	Suppressed: java.lang.Exception: Could not close incremental caches in D:\Test\build\package_info_plus\kotlin\compileDebugKotlin\cacheable\caches-jvm\inputs: source-to-output.tab
		... 25 more
		Suppressed: java.lang.IllegalArgumentException: this and base files have different roots: C:\Users\uni\AppData\Local\Pub\Cache\hosted\pub.dev\package_info_plus-9.0.0\android\src\main\kotlin\dev\fluttercommunity\plus\packageinfo\PackageInfoPlugin.kt and D:\Test\android.
			at kotlin.io.FilesKt__UtilsKt.toRelativeString(Utils.kt:117)
			at kotlin.io.FilesKt__UtilsKt.relativeTo(Utils.kt:128)
			at org.jetbrains.kotlin.incremental.storage.RelocatableFileToPathConverter.toPath(RelocatableFileToPathConverter.kt:24)
			at org.jetbrains.kotlin.incremental.storage.FileDescriptor.getHashCode(FileToPathConverter.kt:50)
			at org.jetbrains.kotlin.incremental.storage.FileDescriptor.getHashCode(FileToPathConverter.kt:30)
			at org.jetbrains.kotlin.com.intellij.util.containers.LinkedCustomHashMap.hashKey(LinkedCustomHashMap.java:109)
			at org.jetbrains.kotlin.com.intellij.util.containers.LinkedCustomHashMap.remove(LinkedCustomHashMap.java:153)
			at org.jetbrains.kotlin.com.intellij.util.containers.SLRUMap.remove(SLRUMap.java:89)
			at org.jetbrains.kotlin.com.intellij.util.io.PersistentMapImpl.flushAppendCache(PersistentMapImpl.java:1007)
			at org.jetbrains.kotlin.com.intellij.util.io.PersistentMapImpl.doPut(PersistentMapImpl.java:455)
			at org.jetbrains.kotlin.com.intellij.util.io.PersistentMapImpl.put(PersistentMapImpl.java:426)
			at org.jetbrains.kotlin.com.intellij.util.io.PersistentHashMap.put(PersistentHashMap.java:106)
			at org.jetbrains.kotlin.incremental.storage.LazyStorage.set(LazyStorage.kt:80)
			at org.jetbrains.kotlin.incremental.storage.InMemoryStorage.applyChanges(InMemoryStorage.kt:108)
			at org.jetbrains.kotlin.incremental.storage.AppendableInMemoryStorage.applyChanges(InMemoryStorage.kt:179)
			at org.jetbrains.kotlin.incremental.storage.InMemoryStorage.close(InMemoryStorage.kt:136)
			at org.jetbrains.kotlin.incremental.storage.AppendableSetBasicMap.close(BasicMap.kt:157)
			at org.jetbrains.kotlin.incremental.storage.BasicMapsOwner$close$1.invoke(BasicMapsOwner.kt:53)
			at org.jetbrains.kotlin.incremental.storage.BasicMapsOwner$close$1.invoke(BasicMapsOwner.kt:53)
			at org.jetbrains.kotlin.incremental.storage.BasicMapsOwner.forEachMapSafe(BasicMapsOwner.kt:87)
			... 24 more

e: Daemon compilation failed: null
java.lang.Exception
	at org.jetbrains.kotlin.daemon.common.CompileService$CallResult$Error.get(CompileService.kt:69)
	at org.jetbrains.kotlin.daemon.common.CompileService$CallResult$Error.get(CompileService.kt:65)
	at org.jetbrains.kotlin.compilerRunner.GradleKotlinCompilerWork.compileWithDaemon(GradleKotlinCompilerWork.kt:240)
	at org.jetbrains.kotlin.compilerRunner.GradleKotlinCompilerWork.compileWithDaemonOrFallbackImpl(GradleKotlinCompilerWork.kt:159)
	at org.jetbrains.kotlin.compilerRunner.GradleKotlinCompilerWork.run(GradleKotlinCompilerWork.kt:111)
	at org.jetbrains.kotlin.compilerRunner.GradleCompilerRunnerWithWorkers$GradleKotlinCompilerWorkAction.execute(GradleCompilerRunnerWithWorkers.kt:74)
	at org.gradle.workers.internal.DefaultWorkerServer.execute(DefaultWorkerServer.java:63)
	at org.gradle.workers.internal.NoIsolationWorkerFactory$1$1.create(NoIsolationWorkerFactory.java:66)
	at org.gradle.workers.internal.NoIsolationWorkerFactory$1$1.create(NoIsolationWorkerFactory.java:62)
	at org.gradle.internal.classloader.ClassLoaderUtils.executeInClassloader(ClassLoaderUtils.java:100)
	at org.gradle.workers.internal.NoIsolationWorkerFactory$1.lambda$execute$0(NoIsolationWorkerFactory.java:62)
	at org.gradle.workers.internal.AbstractWorker$1.call(AbstractWorker.java:44)
	at org.gradle.workers.internal.AbstractWorker$1.call(AbstractWorker.java:41)
	at org.gradle.internal.operations.DefaultBuildOperationRunner$CallableBuildOperationWorker.execute(DefaultBuildOperationRunner.java:210)
	at org.gradle.internal.operations.DefaultBuildOperationRunner$CallableBuildOperationWorker.execute(DefaultBuildOperationRunner.java:205)
	at org.gradle.internal.operations.DefaultBuildOperationRunner$2.execute(DefaultBuildOperationRunner.java:67)
	at org.gradle.internal.operations.DefaultBuildOperationRunner$2.execute(DefaultBuildOperationRunner.java:60)
	at org.gradle.internal.operations.DefaultBuildOperationRunner.execute(DefaultBuildOperationRunner.java:167)
	at org.gradle.internal.operations.DefaultBuildOperationRunner.execute(DefaultBuildOperationRunner.java:60)
	at org.gradle.internal.operations.DefaultBuildOperationRunner.call(DefaultBuildOperationRunner.java:54)
	at org.gradle.workers.internal.AbstractWorker.executeWrappedInBuildOperation(AbstractWorker.java:41)
	at org.gradle.workers.internal.NoIsolationWorkerFactory$1.execute(NoIsolationWorkerFactory.java:59)
	at org.gradle.workers.internal.DefaultWorkerExecutor.lambda$submitWork$0(DefaultWorkerExecutor.java:174)
	at java.base/java.util.concurrent.FutureTask.run(Unknown Source)
	at org.gradle.internal.work.DefaultConditionalExecutionQueue$ExecutionRunner.runExecution(DefaultConditionalExecutionQueue.java:194)
	at org.gradle.internal.work.DefaultConditionalExecutionQueue$ExecutionRunner.access$700(DefaultConditionalExecutionQueue.java:127)
	at org.gradle.internal.work.DefaultConditionalExecutionQueue$ExecutionRunner$1.run(DefaultConditionalExecutionQueue.java:169)
	at org.gradle.internal.Factories$1.create(Factories.java:31)
	at org.gradle.internal.work.DefaultWorkerLeaseService.withLocks(DefaultWorkerLeaseService.java:263)
	at org.gradle.internal.work.DefaultWorkerLeaseService.runAsWorkerThread(DefaultWorkerLeaseService.java:127)
	at org.gradle.internal.work.DefaultWorkerLeaseService.runAsWorkerThread(DefaultWorkerLeaseService.java:132)
	at org.gradle.internal.work.DefaultConditionalExecutionQueue$ExecutionRunner.runBatch(DefaultConditionalExecutionQueue.java:164)
	at org.gradle.internal.work.DefaultConditionalExecutionQueue$ExecutionRunner.run(DefaultConditionalExecutionQueue.java:133)
	at java.base/java.util.concurrent.Executors$RunnableAdapter.call(Unknown Source)
	at java.base/java.util.concurrent.FutureTask.run(Unknown Source)
	at org.gradle.internal.concurrent.ExecutorPolicy$CatchAndRecordFailures.onExecute(ExecutorPolicy.java:64)
	at org.gradle.internal.concurrent.AbstractManagedExecutor$1.run(AbstractManagedExecutor.java:48)
	at java.base/java.util.concurrent.ThreadPoolExecutor.runWorker(Unknown Source)
	at java.base/java.util.concurrent.ThreadPoolExecutor$Worker.run(Unknown Source)
	at java.base/java.lang.Thread.run(Unknown Source)
Caused by: java.lang.AssertionError: java.lang.Exception: Could not close incremental caches in D:\Test\build\video_player_android\kotlin\compileDebugKotlin\cacheable\caches-jvm\jvm\kotlin: class-fq-name-to-source.tab, source-to-classes.tab, internal-name-to-source.tab
	at org.jetbrains.kotlin.com.google.common.io.Closer.close(Closer.java:218)
	at org.jetbrains.kotlin.incremental.IncrementalCachesManager.close(IncrementalCachesManager.kt:55)
	at kotlin.io.CloseableKt.closeFinally(Closeable.kt:46)
	at org.jetbrains.kotlin.incremental.IncrementalCompilerRunner.compileNonIncrementally(IncrementalCompilerRunner.kt:293)
	at org.jetbrains.kotlin.incremental.IncrementalCompilerRunner.compile(IncrementalCompilerRunner.kt:128)
	at org.jetbrains.kotlin.daemon.CompileServiceImplBase.execIncrementalCompiler(CompileServiceImpl.kt:684)
	at org.jetbrains.kotlin.daemon.CompileServiceImplBase.access$execIncrementalCompiler(CompileServiceImpl.kt:94)
	at org.jetbrains.kotlin.daemon.CompileServiceImpl.compile(CompileServiceImpl.kt:1810)
	at java.base/jdk.internal.reflect.DirectMethodHandleAccessor.invoke(Unknown Source)
	at java.base/java.lang.reflect.Method.invoke(Unknown Source)
	at java.rmi/sun.rmi.server.UnicastServerRef.dispatch(Unknown Source)
	at java.rmi/sun.rmi.transport.Transport$1.run(Unknown Source)
	at java.rmi/sun.rmi.transport.Transport$1.run(Unknown Source)
	at java.base/java.security.AccessController.doPrivileged(Unknown Source)
	at java.rmi/sun.rmi.transport.Transport.serviceCall(Unknown Source)
	at java.rmi/sun.rmi.transport.tcp.TCPTransport.handleMessages(Unknown Source)
	at java.rmi/sun.rmi.transport.tcp.TCPTransport$ConnectionHandler.run0(Unknown Source)
	at java.rmi/sun.rmi.transport.tcp.TCPTransport$ConnectionHandler.lambda$run$0(Unknown Source)
	at java.base/java.security.AccessController.doPrivileged(Unknown Source)
	at java.rmi/sun.rmi.transport.tcp.TCPTransport$ConnectionHandler.run(Unknown Source)
	... 3 more
Caused by: java.lang.Exception: Could not close incremental caches in D:\Test\build\video_player_android\kotlin\compileDebugKotlin\cacheable\caches-jvm\jvm\kotlin: class-fq-name-to-source.tab, source-to-classes.tab, internal-name-to-source.tab
	at org.jetbrains.kotlin.incremental.storage.BasicMapsOwner.forEachMapSafe(BasicMapsOwner.kt:95)
	at org.jetbrains.kotlin.incremental.storage.BasicMapsOwner.close(BasicMapsOwner.kt:53)
	at org.jetbrains.kotlin.com.google.common.io.Closer.close(Closer.java:205)
	... 22 more
	Suppressed: java.lang.IllegalArgumentException: this and base files have different roots: C:\Users\uni\AppData\Local\Pub\Cache\hosted\pub.dev\video_player_android-2.9.1\android\src\main\kotlin\io\flutter\plugins\videoplayer\Messages.kt and D:\Test\android.
		at kotlin.io.FilesKt__UtilsKt.toRelativeString(Utils.kt:117)
		at kotlin.io.FilesKt__UtilsKt.relativeTo(Utils.kt:128)
		at org.jetbrains.kotlin.incremental.storage.RelocatableFileToPathConverter.toPath(RelocatableFileToPathConverter.kt:24)
		at org.jetbrains.kotlin.incremental.storage.FileDescriptor.save(FileToPathConverter.kt:33)
		at org.jetbrains.kotlin.incremental.storage.FileDescriptor.save(FileToPathConverter.kt:30)
		at org.jetbrains.kotlin.com.intellij.util.io.PersistentMapImpl.doPut(PersistentMapImpl.java:447)
		at org.jetbrains.kotlin.com.intellij.util.io.PersistentMapImpl.put(PersistentMapImpl.java:426)
		at org.jetbrains.kotlin.com.intellij.util.io.PersistentHashMap.put(PersistentHashMap.java:106)
		at org.jetbrains.kotlin.incremental.storage.LazyStorage.set(LazyStorage.kt:80)
		at org.jetbrains.kotlin.incremental.storage.InMemoryStorage.applyChanges(InMemoryStorage.kt:108)
		at org.jetbrains.kotlin.incremental.storage.InMemoryStorage.close(InMemoryStorage.kt:136)
		at org.jetbrains.kotlin.incremental.storage.PersistentStorageWrapper.close(PersistentStorage.kt:124)
		at org.jetbrains.kotlin.incremental.storage.BasicMapsOwner$close$1.invoke(BasicMapsOwner.kt:53)
		at org.jetbrains.kotlin.incremental.storage.BasicMapsOwner$close$1.invoke(BasicMapsOwner.kt:53)
		at org.jetbrains.kotlin.incremental.storage.BasicMapsOwner.forEachMapSafe(BasicMapsOwner.kt:87)
		... 24 more
	Suppressed: java.lang.IllegalArgumentException: this and base files have different roots: C:\Users\uni\AppData\Local\Pub\Cache\hosted\pub.dev\video_player_android-2.9.1\android\src\main\kotlin\io\flutter\plugins\videoplayer\Messages.kt and D:\Test\android.
		at kotlin.io.FilesKt__UtilsKt.toRelativeString(Utils.kt:117)
		at kotlin.io.FilesKt__UtilsKt.relativeTo(Utils.kt:128)
		at org.jetbrains.kotlin.incremental.storage.RelocatableFileToPathConverter.toPath(RelocatableFileToPathConverter.kt:24)
		at org.jetbrains.kotlin.incremental.storage.FileDescriptor.getHashCode(FileToPathConverter.kt:50)
		at org.jetbrains.kotlin.incremental.storage.FileDescriptor.getHashCode(FileToPathConverter.kt:30)
		at org.jetbrains.kotlin.com.intellij.util.containers.LinkedCustomHashMap.hashKey(LinkedCustomHashMap.java:109)
		at org.jetbrains.kotlin.com.intellij.util.containers.LinkedCustomHashMap.remove(LinkedCustomHashMap.java:153)
		at org.jetbrains.kotlin.com.intellij.util.containers.SLRUMap.remove(SLRUMap.java:89)
		at org.jetbrains.kotlin.com.intellij.util.io.PersistentMapImpl.flushAppendCache(PersistentMapImpl.java:1007)
		at org.jetbrains.kotlin.com.intellij.util.io.PersistentMapImpl.doPut(PersistentMapImpl.java:455)
		at org.jetbrains.kotlin.com.intellij.util.io.PersistentMapImpl.put(PersistentMapImpl.java:426)
		at org.jetbrains.kotlin.com.intellij.util.io.PersistentHashMap.put(PersistentHashMap.java:106)
		at org.jetbrains.kotlin.incremental.storage.LazyStorage.set(LazyStorage.kt:80)
		at org.jetbrains.kotlin.incremental.storage.InMemoryStorage.applyChanges(InMemoryStorage.kt:108)
		at org.jetbrains.kotlin.incremental.storage.AppendableInMemoryStorage.applyChanges(InMemoryStorage.kt:179)
		at org.jetbrains.kotlin.incremental.storage.InMemoryStorage.close(InMemoryStorage.kt:136)
		at org.jetbrains.kotlin.incremental.storage.AppendableSetBasicMap.close(BasicMap.kt:157)
		at org.jetbrains.kotlin.incremental.storage.BasicMapsOwner$close$1.invoke(BasicMapsOwner.kt:53)
		at org.jetbrains.kotlin.incremental.storage.BasicMapsOwner$close$1.invoke(BasicMapsOwner.kt:53)
		at org.jetbrains.kotlin.incremental.storage.BasicMapsOwner.forEachMapSafe(BasicMapsOwner.kt:87)
		... 24 more
	Suppressed: java.lang.IllegalArgumentException: this and base files have different roots: C:\Users\uni\AppData\Local\Pub\Cache\hosted\pub.dev\video_player_android-2.9.1\android\src\main\kotlin\io\flutter\plugins\videoplayer\Messages.kt and D:\Test\android.
		at kotlin.io.FilesKt__UtilsKt.toRelativeString(Utils.kt:117)
		at kotlin.io.FilesKt__UtilsKt.relativeTo(Utils.kt:128)
		at org.jetbrains.kotlin.incremental.storage.RelocatableFileToPathConverter.toPath(RelocatableFileToPathConverter.kt:24)
		at org.jetbrains.kotlin.incremental.storage.FileDescriptor.save(FileToPathConverter.kt:33)
		at org.jetbrains.kotlin.incremental.storage.FileDescriptor.save(FileToPathConverter.kt:30)
		at org.jetbrains.kotlin.incremental.storage.AppendableCollectionExternalizer.save(LazyStorage.kt:151)
		at org.jetbrains.kotlin.incremental.storage.AppendableCollectionExternalizer.save(LazyStorage.kt:142)
		at org.jetbrains.kotlin.com.intellij.util.io.PersistentMapImpl.doPut(PersistentMapImpl.java:447)
		at org.jetbrains.kotlin.com.intellij.util.io.PersistentMapImpl.put(PersistentMapImpl.java:426)
		at org.jetbrains.kotlin.com.intellij.util.io.PersistentHashMap.put(PersistentHashMap.java:106)
		at org.jetbrains.kotlin.incremental.storage.LazyStorage.set(LazyStorage.kt:80)
		at org.jetbrains.kotlin.incremental.storage.InMemoryStorage.applyChanges(InMemoryStorage.kt:108)
		at org.jetbrains.kotlin.incremental.storage.AppendableInMemoryStorage.applyChanges(InMemoryStorage.kt:179)
		at org.jetbrains.kotlin.incremental.storage.InMemoryStorage.close(InMemoryStorage.kt:136)
		at org.jetbrains.kotlin.incremental.storage.PersistentStorageWrapper.close(PersistentStorage.kt:124)
		at org.jetbrains.kotlin.incremental.storage.BasicMapsOwner$close$1.invoke(BasicMapsOwner.kt:53)
		at org.jetbrains.kotlin.incremental.storage.BasicMapsOwner$close$1.invoke(BasicMapsOwner.kt:53)
		at org.jetbrains.kotlin.incremental.storage.BasicMapsOwner.forEachMapSafe(BasicMapsOwner.kt:87)
		... 24 more
	Suppressed: java.lang.Exception: Could not close incremental caches in D:\Test\build\video_player_android\kotlin\compileDebugKotlin\cacheable\caches-jvm\lookups: id-to-file.tab, file-to-id.tab
		at org.jetbrains.kotlin.incremental.storage.BasicMapsOwner.forEachMapSafe(BasicMapsOwner.kt:95)
		at org.jetbrains.kotlin.incremental.storage.BasicMapsOwner.close(BasicMapsOwner.kt:53)
		at org.jetbrains.kotlin.incremental.LookupStorage.close(LookupStorage.kt:155)
		... 23 more
		Suppressed: java.lang.IllegalArgumentException: this and base files have different roots: C:\Users\uni\AppData\Local\Pub\Cache\hosted\pub.dev\video_player_android-2.9.1\android\src\main\kotlin\io\flutter\plugins\videoplayer\Messages.kt and D:\Test\android.
			at kotlin.io.FilesKt__UtilsKt.toRelativeString(Utils.kt:117)
			at kotlin.io.FilesKt__UtilsKt.relativeTo(Utils.kt:128)
			at org.jetbrains.kotlin.incremental.storage.RelocatableFileToPathConverter.toPath(RelocatableFileToPathConverter.kt:24)
			at org.jetbrains.kotlin.incremental.storage.LegacyFileExternalizer.save(IdToFileMap.kt:51)
			at org.jetbrains.kotlin.incremental.storage.LegacyFileExternalizer.save(IdToFileMap.kt:48)
			at org.jetbrains.kotlin.com.intellij.util.io.PersistentMapImpl.doPut(PersistentMapImpl.java:447)
			at org.jetbrains.kotlin.com.intellij.util.io.PersistentMapImpl.put(PersistentMapImpl.java:426)
			at org.jetbrains.kotlin.com.intellij.util.io.PersistentHashMap.put(PersistentHashMap.java:106)
			at org.jetbrains.kotlin.incremental.storage.LazyStorage.set(LazyStorage.kt:80)
			at org.jetbrains.kotlin.incremental.storage.InMemoryStorage.applyChanges(InMemoryStorage.kt:108)
			at org.jetbrains.kotlin.incremental.storage.InMemoryStorage.close(InMemoryStorage.kt:136)
			at org.jetbrains.kotlin.incremental.storage.PersistentStorageWrapper.close(PersistentStorage.kt:124)
			at org.jetbrains.kotlin.incremental.storage.BasicMapsOwner$close$1.invoke(BasicMapsOwner.kt:53)
			at org.jetbrains.kotlin.incremental.storage.BasicMapsOwner$close$1.invoke(BasicMapsOwner.kt:53)
			at org.jetbrains.kotlin.incremental.storage.BasicMapsOwner.forEachMapSafe(BasicMapsOwner.kt:87)
			... 25 more
		Suppressed: java.lang.IllegalArgumentException: this and base files have different roots: C:\Users\uni\AppData\Local\Pub\Cache\hosted\pub.dev\video_player_android-2.9.1\android\src\main\kotlin\io\flutter\plugins\videoplayer\Messages.kt and D:\Test\android.
			at kotlin.io.FilesKt__UtilsKt.toRelativeString(Utils.kt:117)
			at kotlin.io.FilesKt__UtilsKt.relativeTo(Utils.kt:128)
			at org.jetbrains.kotlin.incremental.storage.RelocatableFileToPathConverter.toPath(RelocatableFileToPathConverter.kt:24)
			at org.jetbrains.kotlin.incremental.storage.FileDescriptor.getHashCode(FileToPathConverter.kt:50)
			at org.jetbrains.kotlin.incremental.storage.FileDescriptor.getHashCode(FileToPathConverter.kt:30)
			at org.jetbrains.kotlin.com.intellij.util.containers.LinkedCustomHashMap.hashKey(LinkedCustomHashMap.java:109)
			at org.jetbrains.kotlin.com.intellij.util.containers.LinkedCustomHashMap.remove(LinkedCustomHashMap.java:153)
			at org.jetbrains.kotlin.com.intellij.util.containers.SLRUMap.remove(SLRUMap.java:89)
			at org.jetbrains.kotlin.com.intellij.util.io.PersistentMapImpl.flushAppendCache(PersistentMapImpl.java:1007)
			at org.jetbrains.kotlin.com.intellij.util.io.PersistentMapImpl.doPut(PersistentMapImpl.java:455)
			at org.jetbrains.kotlin.com.intellij.util.io.PersistentMapImpl.put(PersistentMapImpl.java:426)
			at org.jetbrains.kotlin.com.intellij.util.io.PersistentHashMap.put(PersistentHashMap.java:106)
			at org.jetbrains.kotlin.incremental.storage.LazyStorage.set(LazyStorage.kt:80)
			at org.jetbrains.kotlin.incremental.storage.InMemoryStorage.applyChanges(InMemoryStorage.kt:108)
			at org.jetbrains.kotlin.incremental.storage.InMemoryStorage.close(InMemoryStorage.kt:136)
			at org.jetbrains.kotlin.incremental.storage.PersistentStorageWrapper.close(PersistentStorage.kt:124)
			at org.jetbrains.kotlin.incremental.storage.BasicMapsOwner$close$1.invoke(BasicMapsOwner.kt:53)
			at org.jetbrains.kotlin.incremental.storage.BasicMapsOwner$close$1.invoke(BasicMapsOwner.kt:53)
			at org.jetbrains.kotlin.incremental.storage.BasicMapsOwner.forEachMapSafe(BasicMapsOwner.kt:87)
			... 25 more
	Suppressed: java.lang.Exception: Could not close incremental caches in D:\Test\build\video_player_android\kotlin\compileDebugKotlin\cacheable\caches-jvm\inputs: source-to-output.tab
		... 25 more
		Suppressed: java.lang.IllegalArgumentException: this and base files have different roots: C:\Users\uni\AppData\Local\Pub\Cache\hosted\pub.dev\video_player_android-2.9.1\android\src\main\kotlin\io\flutter\plugins\videoplayer\Messages.kt and D:\Test\android.
			at kotlin.io.FilesKt__UtilsKt.toRelativeString(Utils.kt:117)
			at kotlin.io.FilesKt__UtilsKt.relativeTo(Utils.kt:128)
			at org.jetbrains.kotlin.incremental.storage.RelocatableFileToPathConverter.toPath(RelocatableFileToPathConverter.kt:24)
			at org.jetbrains.kotlin.incremental.storage.FileDescriptor.getHashCode(FileToPathConverter.kt:50)
			at org.jetbrains.kotlin.incremental.storage.FileDescriptor.getHashCode(FileToPathConverter.kt:30)
			at org.jetbrains.kotlin.com.intellij.util.containers.LinkedCustomHashMap.hashKey(LinkedCustomHashMap.java:109)
			at org.jetbrains.kotlin.com.intellij.util.containers.LinkedCustomHashMap.remove(LinkedCustomHashMap.java:153)
			at org.jetbrains.kotlin.com.intellij.util.containers.SLRUMap.remove(SLRUMap.java:89)
			at org.jetbrains.kotlin.com.intellij.util.io.PersistentMapImpl.flushAppendCache(PersistentMapImpl.java:1007)
			at org.jetbrains.kotlin.com.intellij.util.io.PersistentMapImpl.doPut(PersistentMapImpl.java:455)
			at org.jetbrains.kotlin.com.intellij.util.io.PersistentMapImpl.put(PersistentMapImpl.java:426)
			at org.jetbrains.kotlin.com.intellij.util.io.PersistentHashMap.put(PersistentHashMap.java:106)
			at org.jetbrains.kotlin.incremental.storage.LazyStorage.set(LazyStorage.kt:80)
			at org.jetbrains.kotlin.incremental.storage.InMemoryStorage.applyChanges(InMemoryStorage.kt:108)
			at org.jetbrains.kotlin.incremental.storage.AppendableInMemoryStorage.applyChanges(InMemoryStorage.kt:179)
			at org.jetbrains.kotlin.incremental.storage.InMemoryStorage.close(InMemoryStorage.kt:136)
			at org.jetbrains.kotlin.incremental.storage.AppendableSetBasicMap.close(BasicMap.kt:157)
			at org.jetbrains.kotlin.incremental.storage.BasicMapsOwner$close$1.invoke(BasicMapsOwner.kt:53)
			at org.jetbrains.kotlin.incremental.storage.BasicMapsOwner$close$1.invoke(BasicMapsOwner.kt:53)
			at org.jetbrains.kotlin.incremental.storage.BasicMapsOwner.forEachMapSafe(BasicMapsOwner.kt:87)
			... 24 more

